<div class="highlight"><pre><span class="cp">&lt;?php</span> <span class="nb">phpinfo</span><span class="p">();</span> <span class="cp">?&gt;</span><span class="x"></span>
</pre></div>