<dl>
<dt>HTML</dt>
<dd>HyperText Markup Language</dd>
<dt>HTML</dt>
<dd><p>HyperText
Markup Language</p></dd>
<dt>HTML</dt>
<dd>HyperText Markup Language</dd>
</dl>