<p><a href="/hello_world_link.html">Hello_world_link</a></p>