<p id="id">Lorem ipsum dolor sit amet</p>

<p id="id">Lorem ipsum dolor sit amet,
consectetur adipisicing elit.
Qui dicta minus molestiae vel
beatae natus eveniet ratione temporibus</p>

<p id="id">Lorem ipsum dolor sit amet,
consectetur adipisicing elit.
Qui dicta minus molestiae vel
beatae natus eveniet ratione temporibus</p>

<p id="id">Lorem ipsum dolor sit amet,
consectetur adipisicing elit.
Qui dicta minus molestiae vel
beatae natus eveniet ratione temporibus</p>

<p id="id">Lorem ipsum dolor sit amet,
consectetur adipisicing elit.
Qui dicta minus molestiae vel
beatae natus eveniet ratione temporibus</p>