<p>This is a paragraph</p>

<p>This is a paragraph</p>