<dl>
<dt>HTML</dt>
<dd>HyperText Markup Language</dd>
<dt>HTML</dt>
<dd><p>HyperText<br>
Markup<br>
Language</p></dd>
</dl>