<h1 align="right">Right</h1>

<h2 align="center">Center</h2>