<p><img src="/path/to/hello_world_img.jpg" alt="Hello_world_img" /></p>