<p><a href="/hello_world_link.html">Hello<em>world</em>link</a></p>